2026-07-26 17:00:29 - [INFO] - 🔗 Configuration FORCÉE:
2026-07-26 17:00:29 - [INFO] -    TUNNEL_NAME: default
2026-07-26 17:00:29 - [INFO] -    PROJECT_NAME: default
2026-07-26 17:00:29 - [INFO] -    TUNNEL_SERVER_URL: wss://uam-thermostat.dspcentric.com
2026-07-26 17:00:29 - [INFO] -    FLASK_URL: http://localhost:5000
2026-07-26 17:00:30 - [INFO] - 🔗 Tunnel: default
2026-07-26 17:00:30 - [INFO] -  Projet: default
2026-07-26 17:00:30 - [INFO] -  Serveur: wss://uam-thermostat.dspcentric.com/tunnel/default
2026-07-26 17:00:30 - [INFO] -  Application: http://localhost:5000
2026-07-26 17:00:30 - [INFO] -  Lancement du tunnel: default
2026-07-26 17:00:30 - [INFO] -  Serveur: wss://uam-thermostat.dspcentric.com/tunnel/default
2026-07-26 17:00:30 - [INFO] -  Flask: http://localhost:5000
2026-07-26 17:00:30 - [INFO] -  Projet: default
2026-07-26 17:00:30 - [INFO] -  Connexion à wss://uam-thermostat.dspcentric.com/tunnel/default...
2026-07-26 17:00:30 - [INFO] - 🌙 Anti-veille activé — ping de https://uam-thermostat.dspcentric.com/health toutes les 5 min
2026-07-26 17:00:31 - [INFO] - HTTP Request: GET https://uam-thermostat.dspcentric.com/health "HTTP/1.1 200 OK"
2026-07-26 17:00:31 - [INFO] - 🌙 Ping anti-veille OK (200)
2026-07-26 17:00:32 - [INFO] -  Connecté au serveur!
2026-07-26 17:00:32 - [INFO] -  Authentification envoyée
2026-07-26 17:00:32 - [INFO] -  Tunnel default connecté avec succès
2026-07-26 17:00:32 - [INFO] - HTTP Request: GET https://uam-thermostat.dspcentric.com/health "HTTP/1.1 200 OK"
2026-07-26 17:00:43 - [INFO] -  Requête reçue: GET /
2026-07-26 17:00:43 - [INFO] - 📤 GET / -> /
2026-07-26 17:00:44 - [INFO] - HTTP Request: GET http://localhost:5000/ "HTTP/1.1 302 FOUND"
2026-07-26 17:00:44 - [INFO] - HTTP Request: GET http://localhost:5000/connections "HTTP/1.1 200 OK"
2026-07-26 17:00:44 - [INFO] -  Réponse 200 pour 0d8de6a5
2026-07-26 17:00:45 - [INFO] -  Requête reçue: GET /static/css/connections.css
2026-07-26 17:00:45 - [INFO] -  Requête reçue: GET /static/image/uam.jpg
2026-07-26 17:00:45 - [INFO] - 📤 GET /static/css/connections.css -> /static/css/connections.css (static)
2026-07-26 17:00:45 - [INFO] - 📤 GET /static/image/uam.jpg -> /static/image/uam.jpg (static)
2026-07-26 17:00:45 - [INFO] -  Requête reçue: GET /static/image/fast.jpg
2026-07-26 17:00:45 - [INFO] - 📤 GET /static/image/fast.jpg -> /static/image/fast.jpg (static)
2026-07-26 17:00:45 - [INFO] - HTTP Request: GET http://localhost:5000/static/image/uam.jpg "HTTP/1.1 200 OK"
2026-07-26 17:00:45 - [INFO] - HTTP Request: GET http://localhost:5000/static/css/connections.css "HTTP/1.1 200 OK"
2026-07-26 17:00:45 - [INFO] - HTTP Request: GET http://localhost:5000/static/image/fast.jpg "HTTP/1.1 200 OK"
2026-07-26 17:00:45 - [INFO] -  Static: /static/image/uam.jpg (14068 bytes, image/jpeg)
2026-07-26 17:00:45 - [INFO] -  Réponse 200 pour 730bdff6
2026-07-26 17:00:45 - [INFO] -  Static: /static/css/connections.css (14262 bytes, text/css)
2026-07-26 17:00:45 - [INFO] -  Réponse 200 pour 1e339d03
2026-07-26 17:00:45 - [INFO] -  Static: /static/image/fast.jpg (39709 bytes, image/jpeg)
2026-07-26 17:00:45 - [INFO] -  Réponse 200 pour 1613615f
2026-07-26 17:00:49 - [INFO] -  Requête reçue: GET /static/image/thermostat.png
2026-07-26 17:00:49 - [INFO] - 📤 GET /static/image/thermostat.png -> /static/image/thermostat.png (static)
2026-07-26 17:00:49 - [INFO] - HTTP Request: GET http://localhost:5000/static/image/thermostat.png "HTTP/1.1 200 OK"
2026-07-26 17:00:49 - [INFO] -  Static: /static/image/thermostat.png (23308 bytes, image/png)
2026-07-26 17:00:49 - [INFO] -  Réponse 200 pour 10b556e9
2026-07-26 17:01:00 - [INFO] - 
 STATISTIQUES:
   Uptime: 0h 0m
   Requêtes reçues: 5
   Requêtes transmises: 5
   Réponses envoyées: 5
   Reconnexions: 0
   Erreurs: 0

2026-07-26 17:01:04 - [INFO] - HTTP Request: GET https://uam-thermostat.dspcentric.com/health "HTTP/1.1 200 OK"
2026-07-26 17:01:30 - [INFO] - 
 STATISTIQUES:
   Uptime: 0h 1m
   Requêtes reçues: 5
   Requêtes transmises: 5
   Réponses envoyées: 5
   Reconnexions: 0
   Erreurs: 0

2026-07-26 17:01:35 - [INFO] - HTTP Request: GET https://uam-thermostat.dspcentric.com/health "HTTP/1.1 200 OK"
2026-07-26 17:02:00 - [INFO] - 
 STATISTIQUES:
   Uptime: 0h 1m
   Requêtes reçues: 5
   Requêtes transmises: 5
   Réponses envoyées: 5
   Reconnexions: 0
   Erreurs: 0

2026-07-26 17:02:06 - [INFO] - HTTP Request: GET https://uam-thermostat.dspcentric.com/health "HTTP/1.1 200 OK"
2026-07-26 17:02:30 - [INFO] - 
 STATISTIQUES:
   Uptime: 0h 2m
   Requêtes reçues: 5
   Requêtes transmises: 5
   Réponses envoyées: 5
   Reconnexions: 0
   Erreurs: 0

2026-07-26 17:02:37 - [INFO] - HTTP Request: GET https://uam-thermostat.dspcentric.com/health "HTTP/1.1 200 OK"
2026-07-26 17:03:00 - [INFO] - 
 STATISTIQUES:
   Uptime: 0h 2m
   Requêtes reçues: 5
   Requêtes transmises: 5
   Réponses envoyées: 5
   Reconnexions: 0
   Erreurs: 0

2026-07-26 17:03:08 - [INFO] - HTTP Request: GET https://uam-thermostat.dspcentric.com/health "HTTP/1.1 200 OK"
2026-07-26 17:03:30 - [INFO] - 
 STATISTIQUES:
   Uptime: 0h 3m
   Requêtes reçues: 5
   Requêtes transmises: 5
   Réponses envoyées: 5
   Reconnexions: 0
   Erreurs: 0

2026-07-26 17:03:41 - [INFO] - HTTP Request: GET https://uam-thermostat.dspcentric.com/health "HTTP/1.1 200 OK"
2026-07-26 17:04:00 - [INFO] - 
 STATISTIQUES:
   Uptime: 0h 3m
   Requêtes reçues: 5
   Requêtes transmises: 5
   Réponses envoyées: 5
   Reconnexions: 0
   Erreurs: 0

2026-07-26 17:04:12 - [INFO] - HTTP Request: GET https://uam-thermostat.dspcentric.com/health "HTTP/1.1 200 OK"
2026-07-26 17:04:30 - [INFO] - 
 STATISTIQUES:
   Uptime: 0h 4m
   Requêtes reçues: 5
   Requêtes transmises: 5
   Réponses envoyées: 5
   Reconnexions: 0
   Erreurs: 0

2026-07-26 17:04:45 - [INFO] - HTTP Request: GET https://uam-thermostat.dspcentric.com/health "HTTP/1.1 200 OK"
2026-07-26 17:05:00 - [INFO] - 
 STATISTIQUES:
   Uptime: 0h 4m
   Requêtes reçues: 5
   Requêtes transmises: 5
   Réponses envoyées: 5
   Reconnexions: 0
   Erreurs: 0

2026-07-26 17:05:17 - [INFO] - HTTP Request: GET https://uam-thermostat.dspcentric.com/health "HTTP/1.1 200 OK"
2026-07-26 17:05:30 - [INFO] - 
 STATISTIQUES:
   Uptime: 0h 5m
   Requêtes reçues: 5
   Requêtes transmises: 5
   Réponses envoyées: 5
   Reconnexions: 0
   Erreurs: 0

2026-07-26 17:05:32 - [INFO] - HTTP Request: GET https://uam-thermostat.dspcentric.com/health "HTTP/1.1 200 OK"
2026-07-26 17:05:32 - [INFO] - 🌙 Ping anti-veille OK (200)
2026-07-26 17:05:49 - [INFO] - HTTP Request: GET https://uam-thermostat.dspcentric.com/health "HTTP/1.1 200 OK"
2026-07-26 17:06:00 - [INFO] - 
 STATISTIQUES:
   Uptime: 0h 5m
   Requêtes reçues: 5
   Requêtes transmises: 5
   Réponses envoyées: 5
   Reconnexions: 0
   Erreurs: 0

2026-07-26 17:06:25 - [INFO] - HTTP Request: GET https://uam-thermostat.dspcentric.com/health "HTTP/1.1 200 OK"
2026-07-26 17:06:30 - [INFO] - 
 STATISTIQUES:
   Uptime: 0h 6m
   Requêtes reçues: 5
   Requêtes transmises: 5
   Réponses envoyées: 5
   Reconnexions: 0
   Erreurs: 0

2026-07-26 17:06:56 - [INFO] - HTTP Request: GET https://uam-thermostat.dspcentric.com/health "HTTP/1.1 200 OK"
2026-07-26 17:07:01 - [INFO] - 
 STATISTIQUES:
   Uptime: 0h 6m
   Requêtes reçues: 5
   Requêtes transmises: 5
   Réponses envoyées: 5
   Reconnexions: 0
   Erreurs: 0

2026-07-26 17:07:30 - [INFO] - HTTP Request: GET https://uam-thermostat.dspcentric.com/health "HTTP/1.1 200 OK"
2026-07-26 17:07:31 - [INFO] - 
 STATISTIQUES:
   Uptime: 0h 7m
   Requêtes reçues: 5
   Requêtes transmises: 5
   Réponses envoyées: 5
   Reconnexions: 0
   Erreurs: 0

2026-07-26 17:08:01 - [INFO] - 
 STATISTIQUES:
   Uptime: 0h 7m
   Requêtes reçues: 5
   Requêtes transmises: 5
   Réponses envoyées: 5
   Reconnexions: 0
   Erreurs: 0

2026-07-26 17:08:02 - [INFO] - HTTP Request: GET https://uam-thermostat.dspcentric.com/health "HTTP/1.1 200 OK"
2026-07-26 17:08:31 - [INFO] - 
 STATISTIQUES:
   Uptime: 0h 8m
   Requêtes reçues: 5
   Requêtes transmises: 5
   Réponses envoyées: 5
   Reconnexions: 0
   Erreurs: 0

2026-07-26 17:08:38 - [INFO] - HTTP Request: GET https://uam-thermostat.dspcentric.com/health "HTTP/1.1 200 OK"
2026-07-26 17:09:01 - [INFO] - 
 STATISTIQUES:
   Uptime: 0h 8m
   Requêtes reçues: 5
   Requêtes transmises: 5
   Réponses envoyées: 5
   Reconnexions: 0
   Erreurs: 0

2026-07-26 17:09:11 - [INFO] - HTTP Request: GET https://uam-thermostat.dspcentric.com/health "HTTP/1.1 200 OK"
2026-07-26 17:09:31 - [INFO] - 
 STATISTIQUES:
   Uptime: 0h 9m
   Requêtes reçues: 5
   Requêtes transmises: 5
   Réponses envoyées: 5
   Reconnexions: 0
   Erreurs: 0

2026-07-26 17:09:32 - [INFO] -  Requête reçue: POST /connections
2026-07-26 17:09:32 - [INFO] - 📤 POST /connections -> /connections
2026-07-26 17:09:32 - [INFO] - HTTP Request: POST http://localhost:5000/connections "HTTP/1.1 302 FOUND"
2026-07-26 17:09:32 - [INFO] - HTTP Request: GET http://localhost:5000/Admin "HTTP/1.1 200 OK"
2026-07-26 17:09:32 - [INFO] -  Réponse 200 pour d81300b0
2026-07-26 17:09:33 - [INFO] -  Requête reçue: GET /static/css/Admin.css
2026-07-26 17:09:33 - [INFO] - 📤 GET /static/css/Admin.css -> /static/css/Admin.css (static)
2026-07-26 17:09:33 - [INFO] -  Requête reçue: GET /static/js/Admin.js
2026-07-26 17:09:33 - [INFO] - 📤 GET /static/js/Admin.js -> /static/js/Admin.js (static)
2026-07-26 17:09:34 - [INFO] - HTTP Request: GET http://localhost:5000/static/css/Admin.css "HTTP/1.1 200 OK"
2026-07-26 17:09:34 - [INFO] -  Static: /static/css/Admin.css (16497 bytes, text/css)
2026-07-26 17:09:34 - [INFO] -  Réponse 200 pour 6017fd1d
2026-07-26 17:09:34 - [INFO] - HTTP Request: GET http://localhost:5000/static/js/Admin.js "HTTP/1.1 200 OK"
2026-07-26 17:09:34 - [INFO] -  Static: /static/js/Admin.js (17958 bytes, application/javascript)
2026-07-26 17:09:34 - [INFO] -  Réponse 200 pour e48b9afa
2026-07-26 17:09:42 - [INFO] - HTTP Request: GET https://uam-thermostat.dspcentric.com/health "HTTP/1.1 200 OK"
2026-07-26 17:09:42 - [INFO] -  Requête reçue: GET /
2026-07-26 17:09:42 - [INFO] - 📤 GET / -> /
2026-07-26 17:09:42 - [INFO] - HTTP Request: GET http://localhost:5000/ "HTTP/1.1 200 OK"
2026-07-26 17:09:42 - [INFO] -  Réponse 200 pour a2ebba88
2026-07-26 17:09:46 - [INFO] -  Requête reçue: GET /static/css/style.css
2026-07-26 17:09:46 - [INFO] -  Requête reçue: GET /static/image/temperature.png
2026-07-26 17:09:46 - [INFO] -  Requête reçue: GET /website/css/uicons-solid-rounded.css
2026-07-26 17:09:46 - [INFO] - 📤 GET /static/css/style.css -> /static/css/style.css (static)
2026-07-26 17:09:46 - [INFO] - 📤 GET /static/image/temperature.png -> /static/image/temperature.png (static)
2026-07-26 17:09:46 - [INFO] - 📤 GET /website/css/uicons-solid-rounded.css -> /website/css/uicons-solid-rounded.css
2026-07-26 17:09:46 - [INFO] -  Requête reçue: GET /static/image/livre.png
2026-07-26 17:09:46 - [INFO] - 📤 GET /static/image/livre.png -> /static/image/livre.png (static)
2026-07-26 17:09:46 - [INFO] - HTTP Request: GET http://localhost:5000/website/css/uicons-solid-rounded.css "HTTP/1.1 404 NOT FOUND"
2026-07-26 17:09:46 - [INFO] -  Réponse 404 pour 311f7dc6
2026-07-26 17:09:46 - [INFO] - HTTP Request: GET http://localhost:5000/static/image/temperature.png "HTTP/1.1 200 OK"
2026-07-26 17:09:46 - [INFO] - HTTP Request: GET http://localhost:5000/static/css/style.css "HTTP/1.1 200 OK"
2026-07-26 17:09:46 - [INFO] -  Static: /static/image/temperature.png (20386 bytes, image/png)
2026-07-26 17:09:46 - [INFO] -  Réponse 200 pour 79e6b15a
2026-07-26 17:09:46 - [INFO] -  Static: /static/css/style.css (34132 bytes, text/css)
2026-07-26 17:09:46 - [INFO] -  Réponse 200 pour e0c7d290
2026-07-26 17:09:46 - [INFO] - HTTP Request: GET http://localhost:5000/static/image/livre.png "HTTP/1.1 200 OK"
2026-07-26 17:09:46 - [INFO] -  Static: /static/image/livre.png (22174 bytes, image/png)
2026-07-26 17:09:46 - [INFO] -  Réponse 200 pour 6f1ecd69
2026-07-26 17:09:47 - [INFO] -  Requête reçue: GET /static/image/code.png
2026-07-26 17:09:47 - [INFO] -  Requête reçue: GET /static/image/travail.png
2026-07-26 17:09:47 - [INFO] - 📤 GET /static/image/code.png -> /static/image/code.png (static)
2026-07-26 17:09:47 - [INFO] - 📤 GET /static/image/travail.png -> /static/image/travail.png (static)
2026-07-26 17:09:47 - [INFO] - HTTP Request: GET http://localhost:5000/static/image/code.png "HTTP/1.1 200 OK"
2026-07-26 17:09:47 - [INFO] - HTTP Request: GET http://localhost:5000/static/image/travail.png "HTTP/1.1 200 OK"
2026-07-26 17:09:47 - [INFO] -  Static: /static/image/travail.png (19507 bytes, image/png)
2026-07-26 17:09:47 - [INFO] -  Réponse 200 pour e0186924
2026-07-26 17:09:47 - [INFO] -  Static: /static/image/code.png (8763 bytes, image/png)
2026-07-26 17:09:47 - [INFO] -  Réponse 200 pour ae02ee40
2026-07-26 17:09:47 - [INFO] -  Requête reçue: GET /static/image/etude.png
2026-07-26 17:09:47 - [INFO] - 📤 GET /static/image/etude.png -> /static/image/etude.png (static)
2026-07-26 17:09:48 - [INFO] - HTTP Request: GET http://localhost:5000/static/image/etude.png "HTTP/1.1 200 OK"
2026-07-26 17:09:48 - [INFO] -  Static: /static/image/etude.png (15293 bytes, image/png)
2026-07-26 17:09:48 - [INFO] -  Réponse 200 pour edef06ed
2026-07-26 17:09:48 - [INFO] -  Requête reçue: GET /static/image/signes-vitaux.png
2026-07-26 17:09:48 - [INFO] - 📤 GET /static/image/signes-vitaux.png -> /static/image/signes-vitaux.png (static)
2026-07-26 17:09:49 - [INFO] - HTTP Request: GET http://localhost:5000/static/image/signes-vitaux.png "HTTP/1.1 200 OK"
2026-07-26 17:09:49 - [INFO] -  Static: /static/image/signes-vitaux.png (12250 bytes, image/png)
2026-07-26 17:09:49 - [INFO] -  Réponse 200 pour 194f8643
2026-07-26 17:09:49 - [INFO] -  Requête reçue: GET /static/image/thermostat.png
2026-07-26 17:09:49 - [INFO] - 📤 GET /static/image/thermostat.png -> /static/image/thermostat.png (static)
2026-07-26 17:09:50 - [INFO] - HTTP Request: GET http://localhost:5000/static/image/thermostat.png "HTTP/1.1 304 NOT MODIFIED"
2026-07-26 17:09:50 - [INFO] -  Static: /static/image/thermostat.png (0 bytes, image/png)
2026-07-26 17:09:50 - [INFO] -  Réponse 304 pour 2191a629
2026-07-26 17:09:50 - [INFO] -  Requête reçue: GET /static/js/app.js
2026-07-26 17:09:50 - [INFO] - 📤 GET /static/js/app.js -> /static/js/app.js (static)
2026-07-26 17:09:50 - [INFO] -  Requête reçue: GET /static/js/barmenu.js
2026-07-26 17:09:50 - [INFO] - 📤 GET /static/js/barmenu.js -> /static/js/barmenu.js (static)
2026-07-26 17:09:51 - [INFO] - HTTP Request: GET http://localhost:5000/static/js/app.js "HTTP/1.1 200 OK"
2026-07-26 17:09:51 - [INFO] -  Static: /static/js/app.js (97429 bytes, application/javascript)
2026-07-26 17:09:51 - [INFO] -  Réponse 200 pour b80f9d98
2026-07-26 17:09:51 - [INFO] - HTTP Request: GET http://localhost:5000/static/js/barmenu.js "HTTP/1.1 200 OK"
2026-07-26 17:09:51 - [INFO] -  Static: /static/js/barmenu.js (21452 bytes, application/javascript)
2026-07-26 17:09:51 - [INFO] -  Réponse 200 pour b7b64b3d
2026-07-26 17:09:52 - [INFO] -  Requête reçue: GET /static/image/etudiant.png
2026-07-26 17:09:52 - [INFO] -  Requête reçue: GET /static/image/deconnecter_Out.png
2026-07-26 17:09:52 - [INFO] - 📤 GET /static/image/etudiant.png -> /static/image/etudiant.png (static)
2026-07-26 17:09:52 - [INFO] - 📤 GET /static/image/deconnecter_Out.png -> /static/image/deconnecter_Out.png (static)
2026-07-26 17:09:52 - [INFO] - HTTP Request: GET http://localhost:5000/static/image/etudiant.png "HTTP/1.1 200 OK"
2026-07-26 17:09:52 - [INFO] - HTTP Request: GET http://localhost:5000/static/image/deconnecter_Out.png "HTTP/1.1 200 OK"
2026-07-26 17:09:52 - [INFO] -  Static: /static/image/etudiant.png (15069 bytes, image/png)
2026-07-26 17:09:52 - [INFO] -  Réponse 200 pour 05cf58bd
2026-07-26 17:09:52 - [INFO] -  Static: /static/image/deconnecter_Out.png (21854 bytes, image/png)
2026-07-26 17:09:52 - [INFO] -  Réponse 200 pour ec072d96
2026-07-26 17:09:52 - [INFO] -  Requête reçue: GET /static/image/work.png
2026-07-26 17:09:52 - [INFO] - 📤 GET /static/image/work.png -> /static/image/work.png (static)
2026-07-26 17:09:52 - [INFO] - HTTP Request: GET http://localhost:5000/static/image/work.png "HTTP/1.1 200 OK"
2026-07-26 17:09:52 - [INFO] -  Static: /static/image/work.png (14130 bytes, image/png)
2026-07-26 17:09:52 - [INFO] -  Réponse 200 pour 399c4754
2026-07-26 17:09:53 - [INFO] -  Requête reçue: GET /static/image/deux-fleches-gauche.png
2026-07-26 17:09:53 - [INFO] - 📤 GET /static/image/deux-fleches-gauche.png -> /static/image/deux-fleches-gauche.png (static)
2026-07-26 17:09:53 - [INFO] - HTTP Request: GET http://localhost:5000/static/image/deux-fleches-gauche.png "HTTP/1.1 200 OK"
2026-07-26 17:09:53 - [INFO] -  Static: /static/image/deux-fleches-gauche.png (6044 bytes, image/png)
2026-07-26 17:09:53 - [INFO] -  Réponse 200 pour dc375459
2026-07-26 17:09:54 - [INFO] -  Requête reçue: GET /static/image/fleche-gauche.png
2026-07-26 17:09:54 - [INFO] - 📤 GET /static/image/fleche-gauche.png -> /static/image/fleche-gauche.png (static)
2026-07-26 17:09:54 - [INFO] -  Requête reçue: GET /static/image/dezoomer.png
2026-07-26 17:09:54 - [INFO] - 📤 GET /static/image/dezoomer.png -> /static/image/dezoomer.png (static)
2026-07-26 17:09:54 - [INFO] - HTTP Request: GET http://localhost:5000/static/image/fleche-gauche.png "HTTP/1.1 200 OK"
2026-07-26 17:09:54 - [INFO] -  Static: /static/image/fleche-gauche.png (9924 bytes, image/png)
2026-07-26 17:09:54 - [INFO] -  Réponse 200 pour 9e37da6a
2026-07-26 17:09:54 - [INFO] -  Requête reçue: GET /static/image/fleche-droite.png
2026-07-26 17:09:54 - [INFO] - 📤 GET /static/image/fleche-droite.png -> /static/image/fleche-droite.png (static)
2026-07-26 17:09:54 - [INFO] - HTTP Request: GET http://localhost:5000/static/image/dezoomer.png "HTTP/1.1 200 OK"
2026-07-26 17:09:54 - [INFO] -  Static: /static/image/dezoomer.png (14073 bytes, image/png)
2026-07-26 17:09:54 - [INFO] -  Réponse 200 pour 219df707
2026-07-26 17:09:55 - [INFO] - HTTP Request: GET http://localhost:5000/static/image/fleche-droite.png "HTTP/1.1 200 OK"
2026-07-26 17:09:55 - [INFO] -  Static: /static/image/fleche-droite.png (6843 bytes, image/png)
2026-07-26 17:09:55 - [INFO] -  Réponse 200 pour 7ae2e513
2026-07-26 17:09:56 - [INFO] -  Requête reçue: GET /static/image/jouer.png
2026-07-26 17:09:56 - [INFO] -  Requête reçue: GET /static/image/retour.png
2026-07-26 17:09:56 - [INFO] -  Requête reçue: GET /static/image/double-fleche.png
2026-07-26 17:09:56 - [INFO] - 📤 GET /static/image/jouer.png -> /static/image/jouer.png (static)
2026-07-26 17:09:56 - [INFO] - 📤 GET /static/image/retour.png -> /static/image/retour.png (static)
2026-07-26 17:09:56 - [INFO] - 📤 GET /static/image/double-fleche.png -> /static/image/double-fleche.png (static)
2026-07-26 17:09:56 - [INFO] - HTTP Request: GET http://localhost:5000/static/image/retour.png "HTTP/1.1 200 OK"
2026-07-26 17:09:56 - [INFO] - HTTP Request: GET http://localhost:5000/static/image/double-fleche.png "HTTP/1.1 200 OK"
2026-07-26 17:09:56 - [INFO] - HTTP Request: GET http://localhost:5000/static/image/jouer.png "HTTP/1.1 200 OK"
2026-07-26 17:09:56 - [INFO] -  Static: /static/image/retour.png (13661 bytes, image/png)
2026-07-26 17:09:56 - [INFO] -  Réponse 200 pour 1b2e8b3e
2026-07-26 17:09:56 - [INFO] -  Static: /static/image/double-fleche.png (5123 bytes, image/png)
2026-07-26 17:09:56 - [INFO] -  Réponse 200 pour 7259a779
2026-07-26 17:09:56 - [INFO] -  Static: /static/image/jouer.png (12114 bytes, image/png)
2026-07-26 17:09:56 - [INFO] -  Réponse 200 pour 6a18c1d8
2026-07-26 17:09:57 - [INFO] -  Requête reçue: GET /static/image/zoomer.png
2026-07-26 17:09:57 - [INFO] - 📤 GET /static/image/zoomer.png -> /static/image/zoomer.png (static)
2026-07-26 17:09:57 - [INFO] - HTTP Request: GET http://localhost:5000/static/image/zoomer.png "HTTP/1.1 200 OK"
2026-07-26 17:09:57 - [INFO] -  Static: /static/image/zoomer.png (14842 bytes, image/png)
2026-07-26 17:09:57 - [INFO] -  Réponse 200 pour d25a24e5
2026-07-26 17:09:58 - [INFO] -  Requête reçue: GET /static/image/deconnecter.png
2026-07-26 17:09:58 - [INFO] -  Requête reçue: GET /static/image/bouton-jouer.png
2026-07-26 17:09:58 - [INFO] - 📤 GET /static/image/deconnecter.png -> /static/image/deconnecter.png (static)
2026-07-26 17:09:58 - [INFO] - 📤 GET /static/image/bouton-jouer.png -> /static/image/bouton-jouer.png (static)
2026-07-26 17:09:58 - [INFO] - HTTP Request: GET http://localhost:5000/static/image/deconnecter.png "HTTP/1.1 200 OK"
2026-07-26 17:09:58 - [INFO] - HTTP Request: GET http://localhost:5000/static/image/bouton-jouer.png "HTTP/1.1 200 OK"
2026-07-26 17:09:58 - [INFO] -  Static: /static/image/bouton-jouer.png (7130 bytes, image/png)
2026-07-26 17:09:58 - [INFO] -  Réponse 200 pour 6ce29550
2026-07-26 17:09:58 - [INFO] -  Static: /static/image/deconnecter.png (30749 bytes, image/png)
2026-07-26 17:09:58 - [INFO] -  Réponse 200 pour d38da930
2026-07-26 17:09:59 - [INFO] -  Requête reçue: GET /static/image/exportation.png
2026-07-26 17:09:59 - [INFO] - 📤 GET /static/image/exportation.png -> /static/image/exportation.png (static)
2026-07-26 17:09:59 - [INFO] -  Requête reçue: GET /static/image/arret.png
2026-07-26 17:09:59 - [INFO] - 📤 GET /static/image/arret.png -> /static/image/arret.png (static)
2026-07-26 17:10:00 - [INFO] - HTTP Request: GET http://localhost:5000/static/image/exportation.png "HTTP/1.1 200 OK"
2026-07-26 17:10:00 - [INFO] -  Static: /static/image/exportation.png (12343 bytes, image/png)
2026-07-26 17:10:00 - [INFO] -  Réponse 200 pour 17960ff2
2026-07-26 17:10:00 - [INFO] - HTTP Request: GET http://localhost:5000/static/image/arret.png "HTTP/1.1 200 OK"
2026-07-26 17:10:00 - [INFO] -  Static: /static/image/arret.png (10406 bytes, image/png)
2026-07-26 17:10:00 - [INFO] -  Réponse 200 pour 89f76b79
2026-07-26 17:10:00 - [INFO] -  Requête reçue: GET /api/ports
2026-07-26 17:10:00 - [INFO] - 📤 GET /api/ports -> /api/ports
2026-07-26 17:10:01 - [INFO] -  Requête reçue: GET /api/notifications
2026-07-26 17:10:01 - [INFO] - 
 STATISTIQUES:
   Uptime: 0h 9m
   Requêtes reçues: 36
   Requêtes transmises: 36
   Réponses envoyées: 35
   Reconnexions: 0
   Erreurs: 0

2026-07-26 17:10:01 - [INFO] - 📤 GET /api/notifications -> /api/notifications
2026-07-26 17:10:01 - [INFO] - HTTP Request: GET http://localhost:5000/api/ports "HTTP/1.1 200 OK"
2026-07-26 17:10:01 - [INFO] -  Réponse 200 pour 6db40c93
2026-07-26 17:10:01 - [INFO] -  Requête reçue: GET /api/health
2026-07-26 17:10:01 - [INFO] -  Requête reçue: GET /api/custom_code/default_examples
2026-07-26 17:10:01 - [INFO] - 📤 GET /api/health -> /api/health
2026-07-26 17:10:01 - [INFO] - 📤 GET /api/custom_code/default_examples -> /api/custom_code/default_examples
2026-07-26 17:10:01 - [INFO] - HTTP Request: GET http://localhost:5000/api/notifications "HTTP/1.1 200 OK"
2026-07-26 17:10:01 - [INFO] -  Réponse 200 pour 743dfc13
2026-07-26 17:10:01 - [INFO] - HTTP Request: GET http://localhost:5000/api/health "HTTP/1.1 200 OK"
2026-07-26 17:10:01 - [INFO] - HTTP Request: GET http://localhost:5000/api/custom_code/default_examples "HTTP/1.1 200 OK"
2026-07-26 17:10:01 - [INFO] -  Réponse 200 pour 965ce353
2026-07-26 17:10:01 - [INFO] -  Réponse 200 pour 532764e5
2026-07-26 17:10:04 - [INFO] -  Requête reçue: GET /api/ports
2026-07-26 17:10:04 - [INFO] - 📤 GET /api/ports -> /api/ports
2026-07-26 17:10:04 - [INFO] - HTTP Request: GET http://localhost:5000/api/ports "HTTP/1.1 200 OK"
2026-07-26 17:10:04 - [INFO] -  Réponse 200 pour f492247f
2026-07-26 17:10:07 - [INFO] -  Requête reçue: GET /api/ports
2026-07-26 17:10:07 - [INFO] - 📤 GET /api/ports -> /api/ports
2026-07-26 17:10:07 - [INFO] - HTTP Request: GET http://localhost:5000/api/ports "HTTP/1.1 200 OK"
2026-07-26 17:10:07 - [INFO] -  Réponse 200 pour c21012b7
2026-07-26 17:10:08 - [INFO] -  Requête reçue: GET /api/health
2026-07-26 17:10:08 - [INFO] - 📤 GET /api/health -> /api/health
2026-07-26 17:10:09 - [INFO] - HTTP Request: GET http://localhost:5000/api/health "HTTP/1.1 200 OK"
2026-07-26 17:10:09 - [INFO] -  Réponse 200 pour 529b7f86
2026-07-26 17:10:10 - [INFO] -  Requête reçue: GET /api/ports
2026-07-26 17:10:10 - [INFO] - 📤 GET /api/ports -> /api/ports
2026-07-26 17:10:10 - [INFO] - HTTP Request: GET http://localhost:5000/api/ports "HTTP/1.1 200 OK"
2026-07-26 17:10:10 - [INFO] -  Réponse 200 pour bd9fef3a
2026-07-26 17:10:13 - [INFO] -  Requête reçue: GET /api/ports
2026-07-26 17:10:13 - [INFO] - 📤 GET /api/ports -> /api/ports
2026-07-26 17:10:13 - [INFO] - HTTP Request: GET http://localhost:5000/api/ports "HTTP/1.1 200 OK"
2026-07-26 17:10:13 - [INFO] -  Réponse 200 pour d4f42e7a
2026-07-26 17:10:13 - [INFO] - HTTP Request: GET https://uam-thermostat.dspcentric.com/health "HTTP/1.1 200 OK"
2026-07-26 17:10:16 - [INFO] -  Requête reçue: GET /api/ports
2026-07-26 17:10:16 - [INFO] - 📤 GET /api/ports -> /api/ports
2026-07-26 17:10:16 - [INFO] -  Requête reçue: GET /api/health
2026-07-26 17:10:16 - [INFO] - 📤 GET /api/health -> /api/health
2026-07-26 17:10:16 - [INFO] - HTTP Request: GET http://localhost:5000/api/ports "HTTP/1.1 200 OK"
2026-07-26 17:10:16 - [INFO] -  Réponse 200 pour c5aaf588
2026-07-26 17:10:16 - [INFO] - HTTP Request: GET http://localhost:5000/api/health "HTTP/1.1 200 OK"
2026-07-26 17:10:16 - [INFO] -  Réponse 200 pour 7fbc3f00
2026-07-26 17:10:19 - [INFO] -  Requête reçue: GET /api/ports
2026-07-26 17:10:19 - [INFO] - 📤 GET /api/ports -> /api/ports
2026-07-26 17:10:19 - [INFO] - HTTP Request: GET http://localhost:5000/api/ports "HTTP/1.1 200 OK"
2026-07-26 17:10:19 - [INFO] -  Réponse 200 pour 30511958
2026-07-26 17:10:22 - [INFO] -  Requête reçue: GET /api/ports
2026-07-26 17:10:22 - [INFO] - 📤 GET /api/ports -> /api/ports
2026-07-26 17:10:22 - [INFO] - HTTP Request: GET http://localhost:5000/api/ports "HTTP/1.1 200 OK"
2026-07-26 17:10:22 - [INFO] -  Réponse 200 pour 07639af0
2026-07-26 17:10:23 - [INFO] -  Requête reçue: GET /api/health
2026-07-26 17:10:23 - [INFO] - 📤 GET /api/health -> /api/health
2026-07-26 17:10:24 - [INFO] - HTTP Request: GET http://localhost:5000/api/health "HTTP/1.1 200 OK"
2026-07-26 17:10:24 - [INFO] -  Réponse 200 pour b4792e5e
2026-07-26 17:10:25 - [INFO] -  Requête reçue: GET /api/ports
2026-07-26 17:10:25 - [INFO] - 📤 GET /api/ports -> /api/ports
2026-07-26 17:10:25 - [INFO] - HTTP Request: GET http://localhost:5000/api/ports "HTTP/1.1 200 OK"
2026-07-26 17:10:25 - [INFO] -  Réponse 200 pour 6af2b23e
2026-07-26 17:10:28 - [INFO] -  Requête reçue: GET /api/ports
2026-07-26 17:10:28 - [INFO] - 📤 GET /api/ports -> /api/ports
2026-07-26 17:10:28 - [INFO] - HTTP Request: GET http://localhost:5000/api/ports "HTTP/1.1 200 OK"
2026-07-26 17:10:28 - [INFO] -  Réponse 200 pour 4156bff4
2026-07-26 17:10:31 - [INFO] -  Requête reçue: GET /api/notifications/count
2026-07-26 17:10:31 - [INFO] - 📤 GET /api/notifications/count -> /api/notifications/count
2026-07-26 17:10:31 - [INFO] - 
 STATISTIQUES:
   Uptime: 0h 10m
   Requêtes reçues: 52
   Requêtes transmises: 52
   Réponses envoyées: 51
   Reconnexions: 0
   Erreurs: 0

2026-07-26 17:10:31 - [INFO] -  Requête reçue: GET /api/health
2026-07-26 17:10:31 - [INFO] - 📤 GET /api/health -> /api/health
2026-07-26 17:10:31 - [INFO] - HTTP Request: GET http://localhost:5000/api/notifications/count "HTTP/1.1 200 OK"
2026-07-26 17:10:31 - [INFO] -  Réponse 200 pour 44ca2a30
2026-07-26 17:10:31 - [INFO] - HTTP Request: GET http://localhost:5000/api/health "HTTP/1.1 200 OK"
2026-07-26 17:10:31 - [INFO] -  Réponse 200 pour 401b4d27
2026-07-26 17:10:33 - [INFO] -  Requête reçue: POST /api/connect
2026-07-26 17:10:33 - [INFO] - 📤 POST /api/connect -> /api/connect
2026-07-26 17:10:33 - [INFO] - HTTP Request: GET https://uam-thermostat.dspcentric.com/health "HTTP/1.1 200 OK"
2026-07-26 17:10:33 - [INFO] - 🌙 Ping anti-veille OK (200)
2026-07-26 17:10:35 - [INFO] - HTTP Request: POST http://localhost:5000/api/connect "HTTP/1.1 200 OK"
2026-07-26 17:10:35 - [INFO] -  Réponse 200 pour aff0f1b7
2026-07-26 17:10:36 - [INFO] -  Requête reçue: GET /api/data?connection_id=user_2_1785082233_COM6
2026-07-26 17:10:36 - [INFO] - 📤 GET /api/data?connection_id=user_2_1785082233_COM6 -> /api/data?connection_id=user_2_1785082233_COM6
2026-07-26 17:10:36 - [INFO] -  Requête reçue: GET /api/data_stats?connection_id=user_2_1785082233_COM6
2026-07-26 17:10:36 - [INFO] - 📤 GET /api/data_stats?connection_id=user_2_1785082233_COM6 -> /api/data_stats?connection_id=user_2_1785082233_COM6
2026-07-26 17:10:36 - [INFO] -  Requête reçue: POST /api/set_controller_mode
2026-07-26 17:10:36 - [INFO] - 📤 POST /api/set_controller_mode -> /api/set_controller_mode
2026-07-26 17:10:36 - [INFO] - HTTP Request: GET http://localhost:5000/api/data?connection_id=user_2_1785082233_COM6 "HTTP/1.1 200 OK"
2026-07-26 17:10:36 - [INFO] -  Réponse 200 pour a86ded2d
2026-07-26 17:10:36 - [INFO] - HTTP Request: GET http://localhost:5000/api/data_stats?connection_id=user_2_1785082233_COM6 "HTTP/1.1 200 OK"
2026-07-26 17:10:36 - [INFO] -  Réponse 200 pour ba689dd2
2026-07-26 17:10:36 - [INFO] - HTTP Request: POST http://localhost:5000/api/set_controller_mode "HTTP/1.1 200 OK"
2026-07-26 17:10:36 - [INFO] -  Réponse 200 pour 150bf206
2026-07-26 17:10:37 - [INFO] -  Requête reçue: GET /api/historical_data?connection_id=user_2_1785082233_COM6&limit=5000
2026-07-26 17:10:37 - [INFO] - 📤 GET /api/historical_data?connection_id=user_2_1785082233_COM6&limit=5000 -> /api/historical_data?connection_id=user_2_1785082233_COM6&limit=5000
2026-07-26 17:10:37 - [INFO] -  Requête reçue: GET /api/ports
2026-07-26 17:10:37 - [INFO] - 📤 GET /api/ports -> /api/ports
2026-07-26 17:10:37 - [INFO] - HTTP Request: GET http://localhost:5000/api/historical_data?connection_id=user_2_1785082233_COM6&limit=5000 "HTTP/1.1 200 OK"
2026-07-26 17:10:37 - [INFO] -  Réponse 200 pour 6ce2f5be
2026-07-26 17:10:38 - [INFO] - HTTP Request: GET http://localhost:5000/api/ports "HTTP/1.1 200 OK"
2026-07-26 17:10:38 - [INFO] -  Réponse 200 pour 95128ec8
2026-07-26 17:10:38 - [INFO] -  Requête reçue: GET /api/health
2026-07-26 17:10:38 - [INFO] - 📤 GET /api/health -> /api/health
2026-07-26 17:10:39 - [INFO] - HTTP Request: GET http://localhost:5000/api/health "HTTP/1.1 200 OK"
2026-07-26 17:10:39 - [INFO] -  Réponse 200 pour 62c382d5
2026-07-26 17:10:39 - [INFO] -  Requête reçue: GET /api/data?connection_id=user_2_1785082233_COM6
2026-07-26 17:10:39 - [INFO] - 📤 GET /api/data?connection_id=user_2_1785082233_COM6 -> /api/data?connection_id=user_2_1785082233_COM6
2026-07-26 17:10:39 - [INFO] - HTTP Request: GET http://localhost:5000/api/data?connection_id=user_2_1785082233_COM6 "HTTP/1.1 200 OK"
2026-07-26 17:10:39 - [INFO] -  Réponse 200 pour 2c357ebd
2026-07-26 17:10:39 - [INFO] -  Requête reçue: GET /api/ports
2026-07-26 17:10:39 - [INFO] - 📤 GET /api/ports -> /api/ports
2026-07-26 17:10:39 - [INFO] - HTTP Request: GET http://localhost:5000/api/ports "HTTP/1.1 200 OK"
2026-07-26 17:10:39 - [INFO] -  Réponse 200 pour c6e9e9f2
2026-07-26 17:10:40 - [INFO] -  Requête reçue: GET /api/ports
2026-07-26 17:10:40 - [INFO] - 📤 GET /api/ports -> /api/ports
2026-07-26 17:10:41 - [INFO] - HTTP Request: GET http://localhost:5000/api/ports "HTTP/1.1 200 OK"
2026-07-26 17:10:41 - [INFO] -  Réponse 200 pour 5611dd07
2026-07-26 17:10:41 - [INFO] -  Requête reçue: GET /api/debug_data?connection_id=user_2_1785082233_COM6
2026-07-26 17:10:41 - [INFO] - 📤 GET /api/debug_data?connection_id=user_2_1785082233_COM6 -> /api/debug_data?connection_id=user_2_1785082233_COM6
2026-07-26 17:10:41 - [INFO] -  Requête reçue: GET /api/data?connection_id=user_2_1785082233_COM6
2026-07-26 17:10:41 - [INFO] - 📤 GET /api/data?connection_id=user_2_1785082233_COM6 -> /api/data?connection_id=user_2_1785082233_COM6
2026-07-26 17:10:41 - [INFO] - HTTP Request: GET http://localhost:5000/api/debug_data?connection_id=user_2_1785082233_COM6 "HTTP/1.1 200 OK"
2026-07-26 17:10:41 - [INFO] -  Réponse 200 pour 6e22790c
2026-07-26 17:10:41 - [INFO] - HTTP Request: GET http://localhost:5000/api/data?connection_id=user_2_1785082233_COM6 "HTTP/1.1 200 OK"
2026-07-26 17:10:41 - [INFO] -  Réponse 200 pour 4076ed1d
2026-07-26 17:10:43 - [INFO] -  Requête reçue: GET /api/ports
2026-07-26 17:10:43 - [INFO] - 📤 GET /api/ports -> /api/ports
2026-07-26 17:10:44 - [INFO] - HTTP Request: GET http://localhost:5000/api/ports "HTTP/1.1 200 OK"
2026-07-26 17:10:44 - [INFO] -  Réponse 200 pour 4788971f
2026-07-26 17:10:44 - [INFO] - HTTP Request: GET https://uam-thermostat.dspcentric.com/health "HTTP/1.1 200 OK"
2026-07-26 17:10:44 - [INFO] -  Requête reçue: GET /api/data?connection_id=user_2_1785082233_COM6
2026-07-26 17:10:44 - [INFO] - 📤 GET /api/data?connection_id=user_2_1785082233_COM6 -> /api/data?connection_id=user_2_1785082233_COM6
2026-07-26 17:10:44 - [INFO] - HTTP Request: GET http://localhost:5000/api/data?connection_id=user_2_1785082233_COM6 "HTTP/1.1 200 OK"
2026-07-26 17:10:44 - [INFO] -  Réponse 200 pour 1f55702c
2026-07-26 17:10:46 - [INFO] -  Requête reçue: GET /api/health
2026-07-26 17:10:46 - [INFO] - 📤 GET /api/health -> /api/health
2026-07-26 17:10:46 - [INFO] - HTTP Request: GET http://localhost:5000/api/health "HTTP/1.1 200 OK"
2026-07-26 17:10:46 - [INFO] -  Réponse 200 pour 1f0c7952
2026-07-26 17:10:46 - [INFO] -  Requête reçue: GET /api/ports
2026-07-26 17:10:46 - [INFO] - 📤 GET /api/ports -> /api/ports
2026-07-26 17:10:46 - [INFO] -  Requête reçue: GET /api/data?connection_id=user_2_1785082233_COM6
2026-07-26 17:10:46 - [INFO] - 📤 GET /api/data?connection_id=user_2_1785082233_COM6 -> /api/data?connection_id=user_2_1785082233_COM6
2026-07-26 17:10:47 - [INFO] - HTTP Request: GET http://localhost:5000/api/ports "HTTP/1.1 200 OK"
2026-07-26 17:10:47 - [INFO] -  Réponse 200 pour 875a11c2
2026-07-26 17:10:47 - [INFO] - HTTP Request: GET http://localhost:5000/api/data?connection_id=user_2_1785082233_COM6 "HTTP/1.1 200 OK"
2026-07-26 17:10:47 - [INFO] -  Réponse 200 pour b9c8b712
2026-07-26 17:10:49 - [INFO] -  Requête reçue: GET /api/ports
2026-07-26 17:10:49 - [INFO] -  Requête reçue: GET /api/data?connection_id=user_2_1785082233_COM6
2026-07-26 17:10:49 - [INFO] - 📤 GET /api/ports -> /api/ports
2026-07-26 17:10:49 - [INFO] - 📤 GET /api/data?connection_id=user_2_1785082233_COM6 -> /api/data?connection_id=user_2_1785082233_COM6
2026-07-26 17:10:50 - [INFO] - HTTP Request: GET http://localhost:5000/api/data?connection_id=user_2_1785082233_COM6 "HTTP/1.1 200 OK"
2026-07-26 17:10:50 - [INFO] -  Réponse 200 pour 59974a52
2026-07-26 17:10:50 - [INFO] - HTTP Request: GET http://localhost:5000/api/ports "HTTP/1.1 200 OK"
2026-07-26 17:10:50 - [INFO] -  Réponse 200 pour 1b5e3513
2026-07-26 17:10:52 - [INFO] -  Requête reçue: GET /api/data?connection_id=user_2_1785082233_COM6
2026-07-26 17:10:52 - [INFO] - 📤 GET /api/data?connection_id=user_2_1785082233_COM6 -> /api/data?connection_id=user_2_1785082233_COM6
2026-07-26 17:10:52 - [INFO] - HTTP Request: GET http://localhost:5000/api/data?connection_id=user_2_1785082233_COM6 "HTTP/1.1 200 OK"
2026-07-26 17:10:52 - [INFO] -  Réponse 200 pour 1ad7ba8d
2026-07-26 17:10:52 - [INFO] -  Requête reçue: GET /api/ports
2026-07-26 17:10:52 - [INFO] - 📤 GET /api/ports -> /api/ports
2026-07-26 17:10:53 - [INFO] - HTTP Request: GET http://localhost:5000/api/ports "HTTP/1.1 200 OK"
2026-07-26 17:10:53 - [INFO] -  Réponse 200 pour 24ce0f9e
2026-07-26 17:10:53 - [INFO] -  Requête reçue: GET /api/health
2026-07-26 17:10:53 - [INFO] - 📤 GET /api/health -> /api/health
2026-07-26 17:10:53 - [INFO] - HTTP Request: GET http://localhost:5000/api/health "HTTP/1.1 200 OK"
2026-07-26 17:10:53 - [INFO] -  Réponse 200 pour a6b7f10d
2026-07-26 17:10:55 - [INFO] -  Requête reçue: GET /api/data?connection_id=user_2_1785082233_COM6
2026-07-26 17:10:55 - [INFO] - 📤 GET /api/data?connection_id=user_2_1785082233_COM6 -> /api/data?connection_id=user_2_1785082233_COM6
2026-07-26 17:10:55 - [INFO] - HTTP Request: GET http://localhost:5000/api/data?connection_id=user_2_1785082233_COM6 "HTTP/1.1 200 OK"
2026-07-26 17:10:55 - [INFO] -  Réponse 200 pour 7a0dccdf
2026-07-26 17:10:55 - [INFO] -  Requête reçue: GET /api/ports
2026-07-26 17:10:55 - [INFO] - 📤 GET /api/ports -> /api/ports
2026-07-26 17:10:56 - [INFO] - HTTP Request: GET http://localhost:5000/api/ports "HTTP/1.1 200 OK"
2026-07-26 17:10:56 - [INFO] -  Réponse 200 pour bc875729
2026-07-26 17:10:57 - [INFO] -  Requête reçue: GET /api/data?connection_id=user_2_1785082233_COM6
2026-07-26 17:10:57 - [INFO] - 📤 GET /api/data?connection_id=user_2_1785082233_COM6 -> /api/data?connection_id=user_2_1785082233_COM6
2026-07-26 17:10:57 - [INFO] - HTTP Request: GET http://localhost:5000/api/data?connection_id=user_2_1785082233_COM6 "HTTP/1.1 200 OK"
2026-07-26 17:10:57 - [INFO] -  Réponse 200 pour b425f957
2026-07-26 17:10:58 - [INFO] -  Requête reçue: GET /api/ports
2026-07-26 17:10:58 - [INFO] - 📤 GET /api/ports -> /api/ports
2026-07-26 17:10:59 - [INFO] - HTTP Request: GET http://localhost:5000/api/ports "HTTP/1.1 200 OK"
2026-07-26 17:10:59 - [INFO] -  Réponse 200 pour ed2a417c
2026-07-26 17:11:00 - [INFO] -  Requête reçue: GET /api/data?connection_id=user_2_1785082233_COM6
2026-07-26 17:11:00 - [INFO] - 📤 GET /api/data?connection_id=user_2_1785082233_COM6 -> /api/data?connection_id=user_2_1785082233_COM6
2026-07-26 17:11:00 - [INFO] - HTTP Request: GET http://localhost:5000/api/data?connection_id=user_2_1785082233_COM6 "HTTP/1.1 200 OK"
2026-07-26 17:11:00 - [INFO] -  Réponse 200 pour 085bfddc
2026-07-26 17:11:00 - [INFO] -  Requête reçue: GET /api/health
2026-07-26 17:11:00 - [INFO] - 📤 GET /api/health -> /api/health
2026-07-26 17:11:01 - [INFO] - 
 STATISTIQUES:
   Uptime: 0h 10m
   Requêtes reçues: 81
   Requêtes transmises: 81
   Réponses envoyées: 80
   Reconnexions: 0
   Erreurs: 0

2026-07-26 17:11:01 - [INFO] -  Requête reçue: GET /api/notifications/count
2026-07-26 17:11:01 - [INFO] - 📤 GET /api/notifications/count -> /api/notifications/count
2026-07-26 17:11:01 - [INFO] - HTTP Request: GET http://localhost:5000/api/health "HTTP/1.1 200 OK"
2026-07-26 17:11:01 - [INFO] -  Réponse 200 pour b01c7216
2026-07-26 17:11:01 - [INFO] - HTTP Request: GET http://localhost:5000/api/notifications/count "HTTP/1.1 200 OK"
2026-07-26 17:11:01 - [INFO] -  Réponse 200 pour 726372b4
2026-07-26 17:11:01 - [INFO] -  Requête reçue: GET /api/ports
2026-07-26 17:11:01 - [INFO] - 📤 GET /api/ports -> /api/ports
2026-07-26 17:11:02 - [INFO] - HTTP Request: GET http://localhost:5000/api/ports "HTTP/1.1 200 OK"
2026-07-26 17:11:02 - [INFO] -  Réponse 200 pour ae7bf3f2
2026-07-26 17:11:02 - [INFO] -  Requête reçue: GET /api/data?connection_id=user_2_1785082233_COM6
2026-07-26 17:11:02 - [INFO] - 📤 GET /api/data?connection_id=user_2_1785082233_COM6 -> /api/data?connection_id=user_2_1785082233_COM6
2026-07-26 17:11:03 - [INFO] - HTTP Request: GET http://localhost:5000/api/data?connection_id=user_2_1785082233_COM6 "HTTP/1.1 200 OK"
2026-07-26 17:11:03 - [INFO] -  Réponse 200 pour 3692076a
2026-07-26 17:11:05 - [INFO] -  Requête reçue: GET /api/ports
2026-07-26 17:11:05 - [INFO] - 📤 GET /api/ports -> /api/ports
2026-07-26 17:11:05 - [INFO] - HTTP Request: GET http://localhost:5000/api/ports "HTTP/1.1 200 OK"
2026-07-26 17:11:05 - [INFO] -  Réponse 200 pour bcdd7dca
2026-07-26 17:11:05 - [INFO] -  Requête reçue: GET /api/data?connection_id=user_2_1785082233_COM6
2026-07-26 17:11:05 - [INFO] - 📤 GET /api/data?connection_id=user_2_1785082233_COM6 -> /api/data?connection_id=user_2_1785082233_COM6
2026-07-26 17:11:05 - [INFO] - HTTP Request: GET http://localhost:5000/api/data?connection_id=user_2_1785082233_COM6 "HTTP/1.1 200 OK"
2026-07-26 17:11:05 - [INFO] -  Réponse 200 pour ef874d6c
2026-07-26 17:11:07 - [INFO] -  Requête reçue: GET /api/data_stats?connection_id=user_2_1785082233_COM6
2026-07-26 17:11:07 - [INFO] - 📤 GET /api/data_stats?connection_id=user_2_1785082233_COM6 -> /api/data_stats?connection_id=user_2_1785082233_COM6
2026-07-26 17:11:07 - [INFO] - HTTP Request: GET http://localhost:5000/api/data_stats?connection_id=user_2_1785082233_COM6 "HTTP/1.1 200 OK"
2026-07-26 17:11:07 - [INFO] -  Réponse 200 pour ce4d7bf5
2026-07-26 17:11:07 - [INFO] -  Requête reçue: GET /api/ports
2026-07-26 17:11:07 - [INFO] - 📤 GET /api/ports -> /api/ports
2026-07-26 17:11:08 - [INFO] - HTTP Request: GET http://localhost:5000/api/ports "HTTP/1.1 200 OK"
2026-07-26 17:11:08 - [INFO] -  Réponse 200 pour 5690981e
2026-07-26 17:11:08 - [INFO] -  Requête reçue: GET /api/data?connection_id=user_2_1785082233_COM6
2026-07-26 17:11:08 - [INFO] - 📤 GET /api/data?connection_id=user_2_1785082233_COM6 -> /api/data?connection_id=user_2_1785082233_COM6
2026-07-26 17:11:08 - [INFO] -  Requête reçue: GET /api/health
2026-07-26 17:11:08 - [INFO] - 📤 GET /api/health -> /api/health
2026-07-26 17:11:08 - [INFO] - HTTP Request: GET http://localhost:5000/api/data?connection_id=user_2_1785082233_COM6 "HTTP/1.1 200 OK"
2026-07-26 17:11:08 - [INFO] -  Réponse 200 pour 9347cf86
2026-07-26 17:11:08 - [INFO] - HTTP Request: GET http://localhost:5000/api/health "HTTP/1.1 200 OK"
2026-07-26 17:11:08 - [INFO] -  Réponse 200 pour 2582e4fc
2026-07-26 17:11:10 - [INFO] -  Requête reçue: GET /api/data?connection_id=user_2_1785082233_COM6
2026-07-26 17:11:10 - [INFO] - 📤 GET /api/data?connection_id=user_2_1785082233_COM6 -> /api/data?connection_id=user_2_1785082233_COM6
2026-07-26 17:11:10 - [INFO] -  Requête reçue: GET /api/ports
2026-07-26 17:11:10 - [INFO] - 📤 GET /api/ports -> /api/ports
2026-07-26 17:11:11 - [INFO] - HTTP Request: GET http://localhost:5000/api/data?connection_id=user_2_1785082233_COM6 "HTTP/1.1 200 OK"
2026-07-26 17:11:11 - [INFO] -  Réponse 200 pour a8f2810c
2026-07-26 17:11:11 - [INFO] - HTTP Request: GET http://localhost:5000/api/ports "HTTP/1.1 200 OK"
2026-07-26 17:11:11 - [INFO] -  Réponse 200 pour 528b7a68
2026-07-26 17:11:14 - [INFO] -  Requête reçue: GET /api/ports
2026-07-26 17:11:14 - [INFO] - 📤 GET /api/ports -> /api/ports
2026-07-26 17:11:14 - [INFO] -  Requête reçue: GET /api/data?connection_id=user_2_1785082233_COM6
2026-07-26 17:11:14 - [INFO] - 📤 GET /api/data?connection_id=user_2_1785082233_COM6 -> /api/data?connection_id=user_2_1785082233_COM6
2026-07-26 17:11:14 - [INFO] - HTTP Request: GET http://localhost:5000/api/ports "HTTP/1.1 200 OK"
2026-07-26 17:11:14 - [INFO] -  Réponse 200 pour beb2000b
2026-07-26 17:11:14 - [INFO] - HTTP Request: GET http://localhost:5000/api/data?connection_id=user_2_1785082233_COM6 "HTTP/1.1 200 OK"
2026-07-26 17:11:14 - [INFO] -  Réponse 200 pour 4c6aea57
2026-07-26 17:11:15 - [INFO] -  Requête reçue: GET /api/health
2026-07-26 17:11:15 - [INFO] - 📤 GET /api/health -> /api/health
2026-07-26 17:11:16 - [INFO] - HTTP Request: GET http://localhost:5000/api/health "HTTP/1.1 200 OK"
2026-07-26 17:11:16 - [INFO] -  Réponse 200 pour a6e22c62
2026-07-26 17:11:16 - [INFO] -  Requête reçue: GET /api/ports
2026-07-26 17:11:16 - [INFO] - 📤 GET /api/ports -> /api/ports
2026-07-26 17:11:17 - [INFO] - HTTP Request: GET http://localhost:5000/api/ports "HTTP/1.1 200 OK"
2026-07-26 17:11:17 - [INFO] -  Réponse 200 pour 41cc44ac
2026-07-26 17:11:18 - [INFO] -  Requête reçue: GET /api/data?connection_id=user_2_1785082233_COM6
2026-07-26 17:11:18 - [INFO] - 📤 GET /api/data?connection_id=user_2_1785082233_COM6 -> /api/data?connection_id=user_2_1785082233_COM6
2026-07-26 17:11:18 - [INFO] - HTTP Request: GET http://localhost:5000/api/data?connection_id=user_2_1785082233_COM6 "HTTP/1.1 200 OK"
2026-07-26 17:11:18 - [INFO] -  Réponse 200 pour aa4aa0c0
2026-07-26 17:11:19 - [INFO] -  Requête reçue: GET /api/ports
2026-07-26 17:11:19 - [INFO] - 📤 GET /api/ports -> /api/ports
2026-07-26 17:11:20 - [INFO] - HTTP Request: GET http://localhost:5000/api/ports "HTTP/1.1 200 OK"
2026-07-26 17:11:20 - [INFO] -  Réponse 200 pour bb06ba7b
2026-07-26 17:11:20 - [INFO] - HTTP Request: GET https://uam-thermostat.dspcentric.com/health "HTTP/1.1 200 OK"
2026-07-26 17:11:21 - [INFO] -  Requête reçue: GET /api/data?connection_id=user_2_1785082233_COM6
2026-07-26 17:11:21 - [INFO] - 📤 GET /api/data?connection_id=user_2_1785082233_COM6 -> /api/data?connection_id=user_2_1785082233_COM6
2026-07-26 17:11:21 - [INFO] - HTTP Request: GET http://localhost:5000/api/data?connection_id=user_2_1785082233_COM6 "HTTP/1.1 200 OK"
2026-07-26 17:11:21 - [INFO] -  Réponse 200 pour 9e9e32bb
2026-07-26 17:11:22 - [INFO] -  Requête reçue: POST /api/update_consigne
2026-07-26 17:11:22 - [INFO] - 📤 POST /api/update_consigne -> /api/update_consigne
2026-07-26 17:11:22 - [INFO] - HTTP Request: POST http://localhost:5000/api/update_consigne "HTTP/1.1 200 OK"
2026-07-26 17:11:22 - [INFO] -  Réponse 200 pour ec09e755
2026-07-26 17:11:22 - [INFO] -  Requête reçue: GET /api/ports
2026-07-26 17:11:22 - [INFO] - 📤 GET /api/ports -> /api/ports
2026-07-26 17:11:23 - [INFO] - HTTP Request: GET http://localhost:5000/api/ports "HTTP/1.1 200 OK"
2026-07-26 17:11:23 - [INFO] -  Réponse 200 pour cd4baeab
2026-07-26 17:11:23 - [INFO] -  Requête reçue: GET /api/health
2026-07-26 17:11:23 - [INFO] - 📤 GET /api/health -> /api/health
2026-07-26 17:11:24 - [INFO] - HTTP Request: GET http://localhost:5000/api/health "HTTP/1.1 200 OK"
2026-07-26 17:11:24 - [INFO] -  Réponse 200 pour 7e246d2b
2026-07-26 17:11:24 - [INFO] -  Requête reçue: GET /api/data?connection_id=user_2_1785082233_COM6
2026-07-26 17:11:24 - [INFO] - 📤 GET /api/data?connection_id=user_2_1785082233_COM6 -> /api/data?connection_id=user_2_1785082233_COM6
2026-07-26 17:11:24 - [INFO] - HTTP Request: GET http://localhost:5000/api/data?connection_id=user_2_1785082233_COM6 "HTTP/1.1 200 OK"
2026-07-26 17:11:24 - [INFO] -  Réponse 200 pour bb36e6ff
2026-07-26 17:11:26 - [INFO] -  Requête reçue: GET /api/ports
2026-07-26 17:11:26 - [INFO] - 📤 GET /api/ports -> /api/ports
2026-07-26 17:11:26 - [INFO] - HTTP Request: GET http://localhost:5000/api/ports "HTTP/1.1 200 OK"
2026-07-26 17:11:26 - [INFO] -  Réponse 200 pour 089a607f
2026-07-26 17:11:27 - [INFO] -  Requête reçue: GET /api/data?connection_id=user_2_1785082233_COM6
2026-07-26 17:11:27 - [INFO] - 📤 GET /api/data?connection_id=user_2_1785082233_COM6 -> /api/data?connection_id=user_2_1785082233_COM6
2026-07-26 17:11:27 - [INFO] - HTTP Request: GET http://localhost:5000/api/data?connection_id=user_2_1785082233_COM6 "HTTP/1.1 200 OK"
2026-07-26 17:11:27 - [INFO] -  Réponse 200 pour 6f4ff7ff
2026-07-26 17:11:28 - [INFO] -  Requête reçue: GET /api/ports
2026-07-26 17:11:28 - [INFO] - 📤 GET /api/ports -> /api/ports
2026-07-26 17:11:29 - [INFO] - HTTP Request: GET http://localhost:5000/api/ports "HTTP/1.1 200 OK"
2026-07-26 17:11:29 - [INFO] -  Réponse 200 pour f1f31ee7
2026-07-26 17:11:29 - [INFO] -  Requête reçue: GET /api/data?connection_id=user_2_1785082233_COM6
2026-07-26 17:11:29 - [INFO] - 📤 GET /api/data?connection_id=user_2_1785082233_COM6 -> /api/data?connection_id=user_2_1785082233_COM6
2026-07-26 17:11:30 - [INFO] - HTTP Request: GET http://localhost:5000/api/data?connection_id=user_2_1785082233_COM6 "HTTP/1.1 200 OK"
2026-07-26 17:11:30 - [INFO] -  Réponse 200 pour f35752cf
2026-07-26 17:11:30 - [INFO] -  Requête reçue: GET /api/notifications/count
2026-07-26 17:11:30 - [INFO] - 📤 GET /api/notifications/count -> /api/notifications/count
2026-07-26 17:11:31 - [INFO] - 
 STATISTIQUES:
   Uptime: 0h 11m
   Requêtes reçues: 108
   Requêtes transmises: 108
   Réponses envoyées: 107
   Reconnexions: 0
   Erreurs: 0

2026-07-26 17:11:31 - [INFO] - HTTP Request: GET http://localhost:5000/api/notifications/count "HTTP/1.1 200 OK"
2026-07-26 17:11:31 - [INFO] -  Réponse 200 pour 21367d8a
2026-07-26 17:11:31 - [INFO] -  Requête reçue: GET /api/health
2026-07-26 17:11:31 - [INFO] - 📤 GET /api/health -> /api/health
2026-07-26 17:11:31 - [INFO] - HTTP Request: GET http://localhost:5000/api/health "HTTP/1.1 200 OK"
2026-07-26 17:11:31 - [INFO] -  Réponse 200 pour 0e328fcd
2026-07-26 17:11:32 - [INFO] -  Requête reçue: GET /api/ports
2026-07-26 17:11:32 - [INFO] - 📤 GET /api/ports -> /api/ports
2026-07-26 17:11:32 - [INFO] - HTTP Request: GET http://localhost:5000/api/ports "HTTP/1.1 200 OK"
2026-07-26 17:11:32 - [INFO] -  Réponse 200 pour 0093eb80
2026-07-26 17:11:33 - [INFO] -  Requête reçue: GET /api/data?connection_id=user_2_1785082233_COM6
2026-07-26 17:11:33 - [INFO] - 📤 GET /api/data?connection_id=user_2_1785082233_COM6 -> /api/data?connection_id=user_2_1785082233_COM6
2026-07-26 17:11:33 - [INFO] - HTTP Request: GET http://localhost:5000/api/data?connection_id=user_2_1785082233_COM6 "HTTP/1.1 200 OK"
2026-07-26 17:11:33 - [INFO] -  Réponse 200 pour 4cf062e5
2026-07-26 17:11:34 - [INFO] -  Requête reçue: GET /api/ports
2026-07-26 17:11:34 - [INFO] - 📤 GET /api/ports -> /api/ports
2026-07-26 17:11:35 - [INFO] - HTTP Request: GET http://localhost:5000/api/ports "HTTP/1.1 200 OK"
2026-07-26 17:11:35 - [INFO] -  Réponse 200 pour 8cd2be36
2026-07-26 17:11:36 - [INFO] -  Requête reçue: GET /api/data?connection_id=user_2_1785082233_COM6
2026-07-26 17:11:36 - [INFO] - 📤 GET /api/data?connection_id=user_2_1785082233_COM6 -> /api/data?connection_id=user_2_1785082233_COM6
2026-07-26 17:11:36 - [INFO] - HTTP Request: GET http://localhost:5000/api/data?connection_id=user_2_1785082233_COM6 "HTTP/1.1 200 OK"
2026-07-26 17:11:36 - [INFO] -  Réponse 200 pour de6fe8ff
2026-07-26 17:11:36 - [INFO] -  Requête reçue: GET /api/data_stats?connection_id=user_2_1785082233_COM6
2026-07-26 17:11:36 - [INFO] - 📤 GET /api/data_stats?connection_id=user_2_1785082233_COM6 -> /api/data_stats?connection_id=user_2_1785082233_COM6
2026-07-26 17:11:36 - [INFO] - HTTP Request: GET http://localhost:5000/api/data_stats?connection_id=user_2_1785082233_COM6 "HTTP/1.1 200 OK"
2026-07-26 17:11:36 - [INFO] -  Réponse 200 pour 8e9c8cf0
2026-07-26 17:11:37 - [INFO] -  Requête reçue: GET /api/ports
2026-07-26 17:11:37 - [INFO] - 📤 GET /api/ports -> /api/ports
2026-07-26 17:11:38 - [INFO] - HTTP Request: GET http://localhost:5000/api/ports "HTTP/1.1 200 OK"
2026-07-26 17:11:38 - [INFO] -  Réponse 200 pour 016a1a3e
2026-07-26 17:11:38 - [INFO] -  Requête reçue: GET /api/data?connection_id=user_2_1785082233_COM6
2026-07-26 17:11:38 - [INFO] - 📤 GET /api/data?connection_id=user_2_1785082233_COM6 -> /api/data?connection_id=user_2_1785082233_COM6
2026-07-26 17:11:38 - [INFO] -  Requête reçue: GET /api/health
2026-07-26 17:11:38 - [INFO] - 📤 GET /api/health -> /api/health
2026-07-26 17:11:39 - [INFO] - HTTP Request: GET http://localhost:5000/api/data?connection_id=user_2_1785082233_COM6 "HTTP/1.1 200 OK"
2026-07-26 17:11:39 - [INFO] -  Réponse 200 pour c2697659
2026-07-26 17:11:39 - [INFO] - HTTP Request: GET http://localhost:5000/api/health "HTTP/1.1 200 OK"
2026-07-26 17:11:39 - [INFO] -  Réponse 200 pour ac6731a4
2026-07-26 17:11:41 - [INFO] -  Requête reçue: GET /api/ports
2026-07-26 17:11:41 - [INFO] - 📤 GET /api/ports -> /api/ports
2026-07-26 17:11:41 - [INFO] -  Requête reçue: GET /api/data?connection_id=user_2_1785082233_COM6
2026-07-26 17:11:41 - [INFO] - 📤 GET /api/data?connection_id=user_2_1785082233_COM6 -> /api/data?connection_id=user_2_1785082233_COM6
2026-07-26 17:11:41 - [INFO] - HTTP Request: GET http://localhost:5000/api/data?connection_id=user_2_1785082233_COM6 "HTTP/1.1 200 OK"
2026-07-26 17:11:41 - [INFO] -  Réponse 200 pour 8aa44cc1
2026-07-26 17:11:41 - [INFO] - HTTP Request: GET http://localhost:5000/api/ports "HTTP/1.1 200 OK"
2026-07-26 17:11:41 - [INFO] -  Réponse 200 pour dcb94c97
2026-07-26 17:11:43 - [INFO] -  Requête reçue: GET /api/ports
2026-07-26 17:11:43 - [INFO] - 📤 GET /api/ports -> /api/ports
2026-07-26 17:11:43 - [INFO] -  Requête reçue: GET /api/data?connection_id=user_2_1785082233_COM6
2026-07-26 17:11:43 - [INFO] - 📤 GET /api/data?connection_id=user_2_1785082233_COM6 -> /api/data?connection_id=user_2_1785082233_COM6
2026-07-26 17:11:44 - [INFO] - HTTP Request: GET http://localhost:5000/api/ports "HTTP/1.1 200 OK"
2026-07-26 17:11:44 - [INFO] -  Réponse 200 pour cb8a7222
2026-07-26 17:11:44 - [INFO] - HTTP Request: GET http://localhost:5000/api/data?connection_id=user_2_1785082233_COM6 "HTTP/1.1 200 OK"
2026-07-26 17:11:44 - [INFO] -  Réponse 200 pour b025bfa3
2026-07-26 17:11:46 - [INFO] -  Requête reçue: GET /api/health
2026-07-26 17:11:46 - [INFO] - 📤 GET /api/health -> /api/health
2026-07-26 17:11:46 - [INFO] - HTTP Request: GET http://localhost:5000/api/health "HTTP/1.1 200 OK"
2026-07-26 17:11:46 - [INFO] -  Réponse 200 pour 60be16bb
2026-07-26 17:11:46 - [INFO] -  Requête reçue: GET /api/data?connection_id=user_2_1785082233_COM6
2026-07-26 17:11:46 - [INFO] - 📤 GET /api/data?connection_id=user_2_1785082233_COM6 -> /api/data?connection_id=user_2_1785082233_COM6
2026-07-26 17:11:46 - [INFO] -  Requête reçue: GET /api/ports
2026-07-26 17:11:46 - [INFO] - 📤 GET /api/ports -> /api/ports
2026-07-26 17:11:47 - [INFO] - HTTP Request: GET http://localhost:5000/api/data?connection_id=user_2_1785082233_COM6 "HTTP/1.1 200 OK"
2026-07-26 17:11:47 - [INFO] -  Réponse 200 pour eba1df66
2026-07-26 17:11:47 - [INFO] - HTTP Request: GET http://localhost:5000/api/ports "HTTP/1.1 200 OK"
2026-07-26 17:11:47 - [INFO] -  Réponse 200 pour 622b4ba8
2026-07-26 17:11:49 - [INFO] -  Requête reçue: GET /api/data?connection_id=user_2_1785082233_COM6
2026-07-26 17:11:49 - [INFO] - 📤 GET /api/data?connection_id=user_2_1785082233_COM6 -> /api/data?connection_id=user_2_1785082233_COM6
2026-07-26 17:11:49 - [INFO] - HTTP Request: GET http://localhost:5000/api/data?connection_id=user_2_1785082233_COM6 "HTTP/1.1 200 OK"
2026-07-26 17:11:49 - [INFO] -  Réponse 200 pour b67f2a5b
2026-07-26 17:11:49 - [INFO] -  Requête reçue: GET /api/ports
2026-07-26 17:11:49 - [INFO] - 📤 GET /api/ports -> /api/ports
2026-07-26 17:11:50 - [INFO] - HTTP Request: GET http://localhost:5000/api/ports "HTTP/1.1 200 OK"
2026-07-26 17:11:50 - [INFO] -  Réponse 200 pour 0ef6c3e2
2026-07-26 17:11:51 - [INFO] - HTTP Request: GET https://uam-thermostat.dspcentric.com/health "HTTP/1.1 200 OK"
2026-07-26 17:11:52 - [INFO] -  Requête reçue: GET /api/data?connection_id=user_2_1785082233_COM6
2026-07-26 17:11:52 - [INFO] - 📤 GET /api/data?connection_id=user_2_1785082233_COM6 -> /api/data?connection_id=user_2_1785082233_COM6
2026-07-26 17:11:52 - [INFO] - HTTP Request: GET http://localhost:5000/api/data?connection_id=user_2_1785082233_COM6 "HTTP/1.1 200 OK"
2026-07-26 17:11:52 - [INFO] -  Réponse 200 pour 833ae0a3
2026-07-26 17:11:52 - [INFO] -  Requête reçue: GET /api/ports
2026-07-26 17:11:52 - [INFO] - 📤 GET /api/ports -> /api/ports
2026-07-26 17:11:53 - [INFO] - HTTP Request: GET http://localhost:5000/api/ports "HTTP/1.1 200 OK"
2026-07-26 17:11:53 - [INFO] -  Réponse 200 pour 426afb39
2026-07-26 17:11:53 - [INFO] -  Requête reçue: GET /api/health
2026-07-26 17:11:53 - [INFO] - 📤 GET /api/health -> /api/health
2026-07-26 17:11:54 - [INFO] - HTTP Request: GET http://localhost:5000/api/health "HTTP/1.1 200 OK"
2026-07-26 17:11:54 - [INFO] -  Réponse 200 pour 86fcffaf
2026-07-26 17:11:54 - [INFO] -  Requête reçue: POST /api/export_data
2026-07-26 17:11:54 - [INFO] - 📤 POST /api/export_data -> /api/export_data
2026-07-26 17:11:54 - [INFO] - HTTP Request: POST http://localhost:5000/api/export_data "HTTP/1.1 200 OK"
2026-07-26 17:11:54 - [INFO] -  Réponse 200 pour 05c6ef55
2026-07-26 17:11:55 - [INFO] -  Requête reçue: GET /api/data?connection_id=user_2_1785082233_COM6
2026-07-26 17:11:55 - [INFO] - 📤 GET /api/data?connection_id=user_2_1785082233_COM6 -> /api/data?connection_id=user_2_1785082233_COM6
2026-07-26 17:11:55 - [INFO] - HTTP Request: GET http://localhost:5000/api/data?connection_id=user_2_1785082233_COM6 "HTTP/1.1 200 OK"
2026-07-26 17:11:55 - [INFO] -  Réponse 200 pour 90b3e0b8
2026-07-26 17:11:55 - [INFO] -  Requête reçue: GET /api/ports
2026-07-26 17:11:55 - [INFO] - 📤 GET /api/ports -> /api/ports
2026-07-26 17:11:56 - [INFO] - HTTP Request: GET http://localhost:5000/api/ports "HTTP/1.1 200 OK"
2026-07-26 17:11:56 - [INFO] -  Réponse 200 pour 5951b78d
2026-07-26 17:11:57 - [INFO] -  Requête reçue: GET /api/data?connection_id=user_2_1785082233_COM6
2026-07-26 17:11:57 - [INFO] - 📤 GET /api/data?connection_id=user_2_1785082233_COM6 -> /api/data?connection_id=user_2_1785082233_COM6
2026-07-26 17:11:57 - [INFO] - HTTP Request: GET http://localhost:5000/api/data?connection_id=user_2_1785082233_COM6 "HTTP/1.1 200 OK"
2026-07-26 17:11:57 - [INFO] -  Réponse 200 pour 1d709938
2026-07-26 17:11:58 - [INFO] -  Requête reçue: POST /api/disconnect
2026-07-26 17:11:58 - [INFO] - 📤 POST /api/disconnect -> /api/disconnect
2026-07-26 17:11:58 - [INFO] -  Requête reçue: GET /api/ports
2026-07-26 17:11:58 - [INFO] - 📤 GET /api/ports -> /api/ports
2026-07-26 17:11:59 - [INFO] - HTTP Request: GET http://localhost:5000/api/ports "HTTP/1.1 200 OK"
2026-07-26 17:11:59 - [INFO] -  Réponse 200 pour cfd508f6
2026-07-26 17:11:59 - [INFO] - HTTP Request: POST http://localhost:5000/api/disconnect "HTTP/1.1 200 OK"
2026-07-26 17:11:59 - [INFO] -  Réponse 200 pour 54a5a1f7
2026-07-26 17:12:00 - [INFO] -  Requête reçue: GET /api/ports
2026-07-26 17:12:00 - [INFO] - 📤 GET /api/ports -> /api/ports
2026-07-26 17:12:00 - [INFO] - HTTP Request: GET http://localhost:5000/api/ports "HTTP/1.1 200 OK"
2026-07-26 17:12:00 - [INFO] -  Réponse 200 pour 3b008cac
2026-07-26 17:12:01 - [INFO] - 
 STATISTIQUES:
   Uptime: 0h 11m
   Requêtes reçues: 136
   Requêtes transmises: 136
   Réponses envoyées: 136
   Reconnexions: 0
   Erreurs: 0

2026-07-26 17:12:01 - [INFO] -  Requête reçue: GET /api/notifications/count
2026-07-26 17:12:01 - [INFO] - 📤 GET /api/notifications/count -> /api/notifications/count
2026-07-26 17:12:01 - [INFO] - HTTP Request: GET http://localhost:5000/api/notifications/count "HTTP/1.1 200 OK"
2026-07-26 17:12:01 - [INFO] -  Réponse 200 pour 91edebd9
2026-07-26 17:12:01 - [INFO] -  Requête reçue: GET /api/ports
2026-07-26 17:12:01 - [INFO] - 📤 GET /api/ports -> /api/ports
2026-07-26 17:12:02 - [INFO] - HTTP Request: GET http://localhost:5000/api/ports "HTTP/1.1 200 OK"
2026-07-26 17:12:02 - [INFO] -  Réponse 200 pour 5b850794
2026-07-26 17:12:04 - [INFO] -  Requête reçue: GET /api/ports
2026-07-26 17:12:04 - [INFO] - 📤 GET /api/ports -> /api/ports
2026-07-26 17:12:05 - [INFO] - HTTP Request: GET http://localhost:5000/api/ports "HTTP/1.1 200 OK"
2026-07-26 17:12:05 - [INFO] -  Réponse 200 pour ae73df67
2026-07-26 17:12:07 - [INFO] -  Requête reçue: GET /api/ports
2026-07-26 17:12:07 - [INFO] - 📤 GET /api/ports -> /api/ports
2026-07-26 17:12:08 - [INFO] - HTTP Request: GET http://localhost:5000/api/ports "HTTP/1.1 200 OK"
2026-07-26 17:12:08 - [INFO] -  Réponse 200 pour 34129016
2026-07-26 17:12:11 - [INFO] -  Requête reçue: GET /api/ports
2026-07-26 17:12:11 - [INFO] - 📤 GET /api/ports -> /api/ports
2026-07-26 17:12:11 - [INFO] - HTTP Request: GET http://localhost:5000/api/ports "HTTP/1.1 200 OK"
2026-07-26 17:12:11 - [INFO] -  Réponse 200 pour 22b8208a
2026-07-26 17:12:14 - [INFO] -  Requête reçue: GET /api/ports
2026-07-26 17:12:14 - [INFO] - 📤 GET /api/ports -> /api/ports
2026-07-26 17:12:14 - [INFO] - HTTP Request: GET http://localhost:5000/api/ports "HTTP/1.1 200 OK"
2026-07-26 17:12:14 - [INFO] -  Réponse 200 pour c8a5958c
2026-07-26 17:12:17 - [INFO] -  Requête reçue: GET /api/ports
2026-07-26 17:12:17 - [INFO] - 📤 GET /api/ports -> /api/ports
2026-07-26 17:12:17 - [INFO] - HTTP Request: GET http://localhost:5000/api/ports "HTTP/1.1 200 OK"
2026-07-26 17:12:17 - [INFO] -  Réponse 200 pour 0290a093
2026-07-26 17:12:20 - [INFO] -  Requête reçue: GET /api/ports
2026-07-26 17:12:20 - [INFO] - 📤 GET /api/ports -> /api/ports
2026-07-26 17:12:20 - [INFO] - HTTP Request: GET http://localhost:5000/api/ports "HTTP/1.1 200 OK"
2026-07-26 17:12:20 - [INFO] -  Réponse 200 pour ce281f3a
2026-07-26 17:12:22 - [INFO] - HTTP Request: GET https://uam-thermostat.dspcentric.com/health "HTTP/1.1 200 OK"
2026-07-26 17:12:23 - [INFO] -  Requête reçue: GET /api/ports
2026-07-26 17:12:23 - [INFO] - 📤 GET /api/ports -> /api/ports
2026-07-26 17:12:23 - [INFO] - HTTP Request: GET http://localhost:5000/api/ports "HTTP/1.1 200 OK"
2026-07-26 17:12:23 - [INFO] -  Réponse 200 pour 4a0f22ef
2026-07-26 17:12:26 - [INFO] -  Requête reçue: GET /api/ports
2026-07-26 17:12:26 - [INFO] - 📤 GET /api/ports -> /api/ports
2026-07-26 17:12:26 - [INFO] - HTTP Request: GET http://localhost:5000/api/ports "HTTP/1.1 200 OK"
2026-07-26 17:12:26 - [INFO] -  Réponse 200 pour 293cbd2c
2026-07-26 17:12:29 - [INFO] -  Requête reçue: GET /api/ports
2026-07-26 17:12:29 - [INFO] - 📤 GET /api/ports -> /api/ports
2026-07-26 17:12:29 - [INFO] - HTTP Request: GET http://localhost:5000/api/ports "HTTP/1.1 200 OK"
2026-07-26 17:12:29 - [INFO] -  Réponse 200 pour 54f792a1
2026-07-26 17:12:31 - [INFO] - 
 STATISTIQUES:
   Uptime: 0h 12m
   Requêtes reçues: 147
   Requêtes transmises: 147
   Réponses envoyées: 147
   Reconnexions: 0
   Erreurs: 0

2026-07-26 17:12:31 - [INFO] -  Requête reçue: GET /api/notifications/count
2026-07-26 17:12:31 - [INFO] - 📤 GET /api/notifications/count -> /api/notifications/count
2026-07-26 17:12:32 - [INFO] -  Requête reçue: GET /api/ports
2026-07-26 17:12:32 - [INFO] - 📤 GET /api/ports -> /api/ports
2026-07-26 17:12:33 - [ERROR] -  Erreur de connexion à Flask: All connection attempts failed
2026-07-26 17:12:33 - [ERROR] -    Vérifiez que Flask tourne sur http://localhost:5000
2026-07-26 17:12:34 - [ERROR] -  Erreur de connexion à Flask: All connection attempts failed
2026-07-26 17:12:34 - [ERROR] -    Vérifiez que Flask tourne sur http://localhost:5000
2026-07-26 17:12:35 - [INFO] -  Requête reçue: GET /api/ports
2026-07-26 17:12:35 - [INFO] - 📤 GET /api/ports -> /api/ports
2026-07-26 17:12:36 - [INFO] - 🛑 Arrêt du client...
2026-08-14 10:50:01 - [INFO] - 🔗 Configuration FORCÉE:
2026-08-14 10:50:01 - [INFO] -    TUNNEL_NAME: default
2026-08-14 10:50:01 - [INFO] -    PROJECT_NAME: default
2026-08-14 10:50:01 - [INFO] -    TUNNEL_SERVER_URL: wss://uam-thermostat.dspcentric.com
2026-08-14 10:50:01 - [INFO] -    FLASK_URL: http://localhost:5000
2026-08-14 10:50:03 - [INFO] - 🔗 Tunnel: default
2026-08-14 10:50:04 - [INFO] -  Projet: default
2026-08-14 10:50:04 - [INFO] -  Serveur: wss://uam-thermostat.dspcentric.com/tunnel/default
2026-08-14 10:50:04 - [INFO] -  Application: http://localhost:5000
2026-08-14 10:50:04 - [INFO] -  Lancement du tunnel: default
2026-08-14 10:50:04 - [INFO] -  Serveur: wss://uam-thermostat.dspcentric.com/tunnel/default
2026-08-14 10:50:04 - [INFO] -  Flask: http://localhost:5000
2026-08-14 10:50:04 - [INFO] -  Projet: default
2026-08-14 10:50:04 - [INFO] -  Connexion à wss://uam-thermostat.dspcentric.com/tunnel/default...
2026-08-14 10:50:04 - [INFO] - 🌙 Anti-veille activé — ping de https://uam-thermostat.dspcentric.com/health toutes les 5 min
2026-08-14 10:50:09 - [INFO] - HTTP Request: GET https://uam-thermostat.dspcentric.com/health "HTTP/1.1 200 OK"
2026-08-14 10:50:09 - [INFO] - 🌙 Ping anti-veille OK (200)
2026-08-14 10:50:14 - [WARNING] -  Timeout de connexion, nouvelle tentative dans 5s...
2026-08-14 10:50:19 - [INFO] -  Connexion à wss://uam-thermostat.dspcentric.com/tunnel/default...
2026-08-14 10:50:29 - [WARNING] -  Timeout de connexion, nouvelle tentative dans 5s...
2026-08-14 10:50:34 - [INFO] - 
 STATISTIQUES:
   Uptime: 0h 0m
   Requêtes reçues: 0
   Requêtes transmises: 0
   Réponses envoyées: 0
   Reconnexions: 0
   Erreurs: 0

2026-08-14 10:50:34 - [INFO] -  Connexion à wss://uam-thermostat.dspcentric.com/tunnel/default...
2026-08-14 10:50:39 - [INFO] -  Connecté au serveur!
2026-08-14 10:50:39 - [INFO] -  Authentification envoyée
2026-08-14 10:50:39 - [INFO] -  Tunnel default connecté avec succès
2026-08-14 10:50:49 - [INFO] -  Requête reçue: GET /
2026-08-14 10:50:49 - [INFO] - 📤 GET / -> /
2026-08-14 10:50:49 - [INFO] - HTTP Request: GET http://localhost:5000/ "HTTP/1.1 302 FOUND"
2026-08-14 10:50:50 - [INFO] - HTTP Request: GET http://localhost:5000/connections "HTTP/1.1 200 OK"
2026-08-14 10:50:50 - [INFO] -  Réponse 200 pour 77ce051a
2026-08-14 10:50:52 - [INFO] - HTTP Request: GET https://uam-thermostat.dspcentric.com/health "HTTP/1.1 200 OK"
2026-08-14 10:50:54 - [INFO] -  Requête reçue: GET /static/css/connections.css
2026-08-14 10:50:54 - [INFO] - 📤 GET /static/css/connections.css -> /static/css/connections.css (static)
2026-08-14 10:50:54 - [INFO] -  Requête reçue: GET /static/image/uam.jpg
2026-08-14 10:50:54 - [INFO] - 📤 GET /static/image/uam.jpg -> /static/image/uam.jpg (static)
2026-08-14 10:50:54 - [INFO] - HTTP Request: GET http://localhost:5000/static/css/connections.css "HTTP/1.1 200 OK"
2026-08-14 10:50:54 - [INFO] -  Static: /static/css/connections.css (14262 bytes, text/css)
2026-08-14 10:50:54 - [INFO] -  Réponse 200 pour 7d5fa6f3
2026-08-14 10:50:54 - [INFO] - HTTP Request: GET http://localhost:5000/static/image/uam.jpg "HTTP/1.1 200 OK"
2026-08-14 10:50:54 - [INFO] -  Static: /static/image/uam.jpg (14068 bytes, image/jpeg)
2026-08-14 10:50:54 - [INFO] -  Réponse 200 pour f1a416e0
2026-08-14 10:50:56 - [INFO] -  Requête reçue: GET /static/image/fast.jpg
2026-08-14 10:50:56 - [INFO] - 📤 GET /static/image/fast.jpg -> /static/image/fast.jpg (static)
2026-08-14 10:50:56 - [INFO] - HTTP Request: GET http://localhost:5000/static/image/fast.jpg "HTTP/1.1 200 OK"
2026-08-14 10:50:56 - [INFO] -  Static: /static/image/fast.jpg (39709 bytes, image/jpeg)
2026-08-14 10:50:56 - [INFO] -  Réponse 200 pour 19b9e046
2026-08-14 10:51:04 - [INFO] - 
 STATISTIQUES:
   Uptime: 0h 1m
   Requêtes reçues: 4
   Requêtes transmises: 4
   Réponses envoyées: 4
   Reconnexions: 0
   Erreurs: 0

2026-08-14 10:51:16 - [INFO] -  Requête reçue: GET /static/image/thermostat.png
2026-08-14 10:51:16 - [INFO] - 📤 GET /static/image/thermostat.png -> /static/image/thermostat.png (static)
2026-08-14 10:51:16 - [INFO] - HTTP Request: GET http://localhost:5000/static/image/thermostat.png "HTTP/1.1 200 OK"
2026-08-14 10:51:17 - [INFO] -  Static: /static/image/thermostat.png (23308 bytes, image/png)
2026-08-14 10:51:17 - [INFO] -  Réponse 200 pour 1e783492
2026-08-14 10:51:28 - [INFO] - HTTP Request: GET https://uam-thermostat.dspcentric.com/health "HTTP/1.1 200 OK"
2026-08-14 10:51:34 - [INFO] - 
 STATISTIQUES:
   Uptime: 0h 1m
   Requêtes reçues: 5
   Requêtes transmises: 5
   Réponses envoyées: 5
   Reconnexions: 0
   Erreurs: 0

2026-08-14 10:51:49 - [INFO] -  Requête reçue: POST /connections
2026-08-14 10:51:49 - [INFO] - 📤 POST /connections -> /connections
2026-08-14 10:51:49 - [INFO] - HTTP Request: POST http://localhost:5000/connections "HTTP/1.1 302 FOUND"
2026-08-14 10:51:49 - [INFO] - HTTP Request: GET http://localhost:5000/Admin "HTTP/1.1 200 OK"
2026-08-14 10:51:49 - [INFO] -  Réponse 200 pour 5e43f456
2026-08-14 10:51:57 - [INFO] -  Requête reçue: GET /static/css/Admin.css
2026-08-14 10:51:57 - [INFO] - 📤 GET /static/css/Admin.css -> /static/css/Admin.css (static)
2026-08-14 10:51:57 - [INFO] - HTTP Request: GET http://localhost:5000/static/css/Admin.css "HTTP/1.1 200 OK"
2026-08-14 10:51:57 - [INFO] -  Static: /static/css/Admin.css (16497 bytes, text/css)
2026-08-14 10:51:57 - [INFO] -  Réponse 200 pour 2d262fd5
2026-08-14 10:52:04 - [INFO] -  Requête reçue: GET /static/js/Admin.js
2026-08-14 10:52:04 - [INFO] - 📤 GET /static/js/Admin.js -> /static/js/Admin.js (static)
2026-08-14 10:52:04 - [INFO] - 
 STATISTIQUES:
   Uptime: 0h 2m
   Requêtes reçues: 8
   Requêtes transmises: 8
   Réponses envoyées: 7
   Reconnexions: 0
   Erreurs: 0

2026-08-14 10:52:04 - [INFO] - HTTP Request: GET http://localhost:5000/static/js/Admin.js "HTTP/1.1 200 OK"
2026-08-14 10:52:04 - [INFO] -  Static: /static/js/Admin.js (17958 bytes, application/javascript)
2026-08-14 10:52:04 - [INFO] -  Réponse 200 pour 9842513d
2026-08-14 10:52:15 - [WARNING] - ⚠️ Impossible de vérifier l'état du serveur: 
2026-08-14 10:52:24 - [INFO] -  Requête reçue: GET /
2026-08-14 10:52:24 - [INFO] - 📤 GET / -> /
2026-08-14 10:52:25 - [INFO] - HTTP Request: GET http://localhost:5000/ "HTTP/1.1 200 OK"
2026-08-14 10:52:25 - [INFO] -  Réponse 200 pour 49c6cf6e
2026-08-14 10:52:34 - [INFO] - 
 STATISTIQUES:
   Uptime: 0h 2m
   Requêtes reçues: 9
   Requêtes transmises: 9
   Réponses envoyées: 9
   Reconnexions: 0
   Erreurs: 0

2026-08-14 10:52:40 - [INFO] -  Requête reçue: GET /website/css/uicons-solid-rounded.css
2026-08-14 10:52:40 - [INFO] -  Requête reçue: GET /static/css/style.css
2026-08-14 10:52:40 - [INFO] - 📤 GET /website/css/uicons-solid-rounded.css -> /website/css/uicons-solid-rounded.css
2026-08-14 10:52:40 - [INFO] - 📤 GET /static/css/style.css -> /static/css/style.css (static)
2026-08-14 10:52:41 - [INFO] - HTTP Request: GET http://localhost:5000/website/css/uicons-solid-rounded.css "HTTP/1.1 404 NOT FOUND"
2026-08-14 10:52:41 - [INFO] -  Réponse 404 pour 3ff6678a
2026-08-14 10:52:41 - [INFO] - HTTP Request: GET http://localhost:5000/static/css/style.css "HTTP/1.1 200 OK"
2026-08-14 10:52:41 - [INFO] -  Static: /static/css/style.css (34132 bytes, text/css)
2026-08-14 10:52:41 - [INFO] -  Réponse 200 pour 72a270fd
2026-08-14 10:52:41 - [INFO] -  Requête reçue: GET /static/image/temperature.png
2026-08-14 10:52:41 - [INFO] - 📤 GET /static/image/temperature.png -> /static/image/temperature.png (static)
2026-08-14 10:52:41 - [INFO] - HTTP Request: GET http://localhost:5000/static/image/temperature.png "HTTP/1.1 200 OK"
2026-08-14 10:52:41 - [INFO] -  Static: /static/image/temperature.png (20386 bytes, image/png)
2026-08-14 10:52:41 - [INFO] -  Réponse 200 pour 22674f2d
2026-08-14 10:52:42 - [INFO] -  Requête reçue: GET /static/image/thermostat.png
2026-08-14 10:52:42 - [INFO] - 📤 GET /static/image/thermostat.png -> /static/image/thermostat.png (static)
2026-08-14 10:52:42 - [INFO] - HTTP Request: GET http://localhost:5000/static/image/thermostat.png "HTTP/1.1 200 OK"
2026-08-14 10:52:42 - [INFO] -  Static: /static/image/thermostat.png (23308 bytes, image/png)
2026-08-14 10:52:42 - [INFO] -  Réponse 200 pour 48d881f5
2026-08-14 10:52:42 - [INFO] -  Requête reçue: GET /static/image/etude.png
2026-08-14 10:52:42 - [INFO] - 📤 GET /static/image/etude.png -> /static/image/etude.png (static)
2026-08-14 10:52:42 - [INFO] - HTTP Request: GET http://localhost:5000/static/image/etude.png "HTTP/1.1 200 OK"
2026-08-14 10:52:42 - [INFO] -  Static: /static/image/etude.png (15293 bytes, image/png)
2026-08-14 10:52:42 - [INFO] -  Réponse 200 pour 8384606a
2026-08-14 10:52:54 - [INFO] - HTTP Request: GET https://uam-thermostat.dspcentric.com/health "HTTP/1.1 200 OK"
2026-08-14 10:52:55 - [INFO] - 🛑 Arrêt du client...
